../Core/Src/Exercises.c:15:6:setClkTimer	16	static
../Core/Src/Exercises.c:19:6:setLEDTimer	16	static
../Core/Src/Exercises.c:23:6:setMatrixTimer	16	static
../Core/Src/Exercises.c:27:6:timerRun	4	static
../Core/Src/Exercises.c:45:6:display7SEG	16	static
../Core/Src/Exercises.c:82:6:update7SEG	16	static
../Core/Src/Exercises.c:100:6:updateClockBuffer	4	static
../Core/Src/Exercises.c:107:6:Ex1_Init	8	static
../Core/Src/Exercises.c:114:6:Ex1_Run	8	static
../Core/Src/Exercises.c:143:6:Ex2_Init	8	static
../Core/Src/Exercises.c:149:6:Ex2_Run	8	static
../Core/Src/Exercises.c:206:6:Ex3_Init	8	static
../Core/Src/Exercises.c:212:6:Ex3_Run	8	static
../Core/Src/Exercises.c:256:6:Ex4_Init	8	static
../Core/Src/Exercises.c:262:6:Ex4_Run	8	static
../Core/Src/Exercises.c:266:6:Ex5_Init	8	static
../Core/Src/Exercises.c:270:6:Ex5_Run	8	static
../Core/Src/Exercises.c:286:6:Ex5_TI	8	static
../Core/Src/Exercises.c:290:6:Ex7_Init	8	static
../Core/Src/Exercises.c:296:6:Ex7_Run	8	static
../Core/Src/Exercises.c:314:6:Ex7_TI	8	static
../Core/Src/Exercises.c:352:6:Ex8_Init	8	static
../Core/Src/Exercises.c:355:6:Ex8_Run	8	static
../Core/Src/Exercises.c:407:6:Ex8_TI	8	static
../Core/Src/Exercises.c:419:9:clz	24	static
../Core/Src/Exercises.c:439:6:rowDisplay	24	static
../Core/Src/Exercises.c:450:6:Ex9_Init	8	static
../Core/Src/Exercises.c:454:6:Ex9_Run	8	static
../Core/Src/Exercises.c:464:6:float_up	24	static
../Core/Src/Exercises.c:470:6:shift_right	24	static
../Core/Src/Exercises.c:475:6:Ex10_Init	8	static
../Core/Src/Exercises.c:480:6:Ex10_Run	8	static
