Archive member included to satisfy reference by file (symbol)

C:/ST/STM32CubeIDE_1.14.0/STM32CubeIDE/plugins/com.st.stm32cube.ide.mcu.externaltools.gnu-tools-for-stm32.12.3.rel1.win32_1.1.0.202410251130/tools/bin/../lib/gcc/arm-none-eabi/12.3.1/../../../../arm-none-eabi/lib/thumb/v7-m/nofp\libc_nano.a(libc_a-exit.o)
                              C:/ST/STM32CubeIDE_1.14.0/STM32CubeIDE/plugins/com.st.stm32cube.ide.mcu.externaltools.gnu-tools-for-stm32.12.3.rel1.win32_1.1.0.202410251130/tools/bin/../lib/gcc/arm-none-eabi/12.3.1/../../../../arm-none-eabi/lib/thumb/v7-m/nofp/crt0.o (exit)
C:/ST/STM32CubeIDE_1.14.0/STM32CubeIDE/plugins/com.st.stm32cube.ide.mcu.externaltools.gnu-tools-for-stm32.12.3.rel1.win32_1.1.0.202410251130/tools/bin/../lib/gcc/arm-none-eabi/12.3.1/../../../../arm-none-eabi/lib/thumb/v7-m/nofp\libc_nano.a(libc_a-malloc.o)
                              ./Core/Src/scheduler.o (malloc)
C:/ST/STM32CubeIDE_1.14.0/STM32CubeIDE/plugins/com.st.stm32cube.ide.mcu.externaltools.gnu-tools-for-stm32.12.3.rel1.win32_1.1.0.202410251130/tools/bin/../lib/gcc/arm-none-eabi/12.3.1/../../../../arm-none-eabi/lib/thumb/v7-m/nofp\libc_nano.a(libc_a-mallocr.o)
                              C:/ST/STM32CubeIDE_1.14.0/STM32CubeIDE/plugins/com.st.stm32cube.ide.mcu.externaltools.gnu-tools-for-stm32.12.3.rel1.win32_1.1.0.202410251130/tools/bin/../lib/gcc/arm-none-eabi/12.3.1/../../../../arm-none-eabi/lib/thumb/v7-m/nofp\libc_nano.a(libc_a-malloc.o) (_malloc_r)
C:/ST/STM32CubeIDE_1.14.0/STM32CubeIDE/plugins/com.st.stm32cube.ide.mcu.externaltools.gnu-tools-for-stm32.12.3.rel1.win32_1.1.0.202410251130/tools/bin/../lib/gcc/arm-none-eabi/12.3.1/../../../../arm-none-eabi/lib/thumb/v7-m/nofp\libc_nano.a(libc_a-mlock.o)
                              C:/ST/STM32CubeIDE_1.14.0/STM32CubeIDE/plugins/com.st.stm32cube.ide.mcu.externaltools.gnu-tools-for-stm32.12.3.rel1.win32_1.1.0.202410251130/tools/bin/../lib/gcc/arm-none-eabi/12.3.1/../../../../arm-none-eabi/lib/thumb/v7-m/nofp\libc_nano.a(libc_a-mallocr.o) (__malloc_lock)
C:/ST/STM32CubeIDE_1.14.0/STM32CubeIDE/plugins/com.st.stm32cube.ide.mcu.externaltools.gnu-tools-for-stm32.12.3.rel1.win32_1.1.0.202410251130/tools/bin/../lib/gcc/arm-none-eabi/12.3.1/../../../../arm-none-eabi/lib/thumb/v7-m/nofp\libc_nano.a(libc_a-findfp.o)
                              C:/ST/STM32CubeIDE_1.14.0/STM32CubeIDE/plugins/com.st.stm32cube.ide.mcu.externaltools.gnu-tools-for-stm32.12.3.rel1.win32_1.1.0.202410251130/tools/bin/../lib/gcc/arm-none-eabi/12.3.1/../../../../arm-none-eabi/lib/thumb/v7-m/nofp\libc_nano.a(libc_a-exit.o) (__stdio_exit_handler)
C:/ST/STM32CubeIDE_1.14.0/STM32CubeIDE/plugins/com.st.stm32cube.ide.mcu.externaltools.gnu-tools-for-stm32.12.3.rel1.win32_1.1.0.202410251130/tools/bin/../lib/gcc/arm-none-eabi/12.3.1/../../../../arm-none-eabi/lib/thumb/v7-m/nofp\libc_nano.a(libc_a-fwalk.o)
                              C:/ST/STM32CubeIDE_1.14.0/STM32CubeIDE/plugins/com.st.stm32cube.ide.mcu.externaltools.gnu-tools-for-stm32.12.3.rel1.win32_1.1.0.202410251130/tools/bin/../lib/gcc/arm-none-eabi/12.3.1/../../../../arm-none-eabi/lib/thumb/v7-m/nofp\libc_nano.a(libc_a-findfp.o) (_fwalk_sglue)
C:/ST/STM32CubeIDE_1.14.0/STM32CubeIDE/plugins/com.st.stm32cube.ide.mcu.externaltools.gnu-tools-for-stm32.12.3.rel1.win32_1.1.0.202410251130/tools/bin/../lib/gcc/arm-none-eabi/12.3.1/../../../../arm-none-eabi/lib/thumb/v7-m/nofp\libc_nano.a(libc_a-stdio.o)
                              C:/ST/STM32CubeIDE_1.14.0/STM32CubeIDE/plugins/com.st.stm32cube.ide.mcu.externaltools.gnu-tools-for-stm32.12.3.rel1.win32_1.1.0.202410251130/tools/bin/../lib/gcc/arm-none-eabi/12.3.1/../../../../arm-none-eabi/lib/thumb/v7-m/nofp\libc_nano.a(libc_a-findfp.o) (__sread)
C:/ST/STM32CubeIDE_1.14.0/STM32CubeIDE/plugins/com.st.stm32cube.ide.mcu.externaltools.gnu-tools-for-stm32.12.3.rel1.win32_1.1.0.202410251130/tools/bin/../lib/gcc/arm-none-eabi/12.3.1/../../../../arm-none-eabi/lib/thumb/v7-m/nofp\libc_nano.a(libc_a-memset.o)
                              C:/ST/STM32CubeIDE_1.14.0/STM32CubeIDE/plugins/com.st.stm32cube.ide.mcu.externaltools.gnu-tools-for-stm32.12.3.rel1.win32_1.1.0.202410251130/tools/bin/../lib/gcc/arm-none-eabi/12.3.1/../../../../arm-none-eabi/lib/thumb/v7-m/nofp/crt0.o (memset)
C:/ST/STM32CubeIDE_1.14.0/STM32CubeIDE/plugins/com.st.stm32cube.ide.mcu.externaltools.gnu-tools-for-stm32.12.3.rel1.win32_1.1.0.202410251130/tools/bin/../lib/gcc/arm-none-eabi/12.3.1/../../../../arm-none-eabi/lib/thumb/v7-m/nofp\libc_nano.a(libc_a-closer.o)
                              C:/ST/STM32CubeIDE_1.14.0/STM32CubeIDE/plugins/com.st.stm32cube.ide.mcu.externaltools.gnu-tools-for-stm32.12.3.rel1.win32_1.1.0.202410251130/tools/bin/../lib/gcc/arm-none-eabi/12.3.1/../../../../arm-none-eabi/lib/thumb/v7-m/nofp\libc_nano.a(libc_a-stdio.o) (_close_r)
[...]
Memory Configuration

Name             Origin             Length             Attributes
RAM              0x20000000         0x00002800         xrw
FLASH            0x08000000         0x00008000         xr
*default*        0x00000000         0xffffffff

Linker script and memory map

LOAD C:/ST/STM32CubeIDE_1.14.0/STM32CubeIDE/plugins/com.st.stm32cube.ide.mcu.externaltools.gnu-tools-for-stm32.12.3.rel1.win32_1.1.0.202410251130/tools/bin/../lib/gcc/arm-none-eabi/12.3.1/thumb/v7-m/nofp/crti.o
LOAD C:/ST/STM32CubeIDE_1.14.0/STM32CubeIDE/plugins/com.st.stm32cube.ide.mcu.externaltools.gnu-tools-for-stm32.12.3.rel1.win32_1.1.0.202410251130/tools/bin/../lib/gcc/arm-none-eabi/12.3.1/thumb/v7-m/nofp/crtbegin.o
LOAD C:/ST/STM32CubeIDE_1.14.0/STM32CubeIDE/plugins/com.st.stm32cube.ide.mcu.externaltools.gnu-tools-for-stm32.12.3.rel1.win32_1.1.0.202410251130/tools/bin/../lib/gcc/arm-none-eabi/12.3.1/../../../../arm-none-eabi/lib/thumb/v7-m/nofp/crt0.o
LOAD ./Core/Src/fsm_traffic_light.o
LOAD ./Core/Src/global.o
LOAD ./Core/Src/input_reading.o
LOAD ./Core/Src/main.o
LOAD ./Core/Src/scheduler.o
LOAD ./Core/Src/stm32f1xx_hal_msp.o
LOAD ./Core/Src/stm32f1xx_it.o
LOAD ./Core/Src/syscalls.o
LOAD ./Core/Src/sysmem.o
LOAD ./Core/Src/system_stm32f1xx.o
LOAD ./Core/Startup/startup_stm32f103c6ux.o
LOAD ./Drivers/STM32F1xx_HAL_Driver/Src/stm32f1xx_hal.o
LOAD ./Drivers/STM32F1xx_HAL_Driver/Src/stm32f1xx_hal_cortex.o
LOAD ./Drivers/STM32F1xx_HAL_Driver/Src/stm32f1xx_hal_dma.o
LOAD ./Drivers/STM32F1xx_HAL_Driver/Src/stm32f1xx_hal_exti.o
LOAD ./Drivers/STM32F1xx_HAL_Driver/Src/stm32f1xx_hal_flash.o
LOAD ./Drivers/STM32F1xx_HAL_Driver/Src/stm32f1xx_hal_flash_ex.o
LOAD ./Drivers/STM32F1xx_HAL_Driver/Src/stm32f1xx_hal_gpio.o
LOAD ./Drivers/STM32F1xx_HAL_Driver/Src/stm32f1xx_hal_gpio_ex.o
LOAD ./Drivers/STM32F1xx_HAL_Driver/Src/stm32f1xx_hal_pwr.o
LOAD ./Drivers/STM32F1xx_HAL_Driver/Src/stm32f1xx_hal_rcc.o
LOAD ./Drivers/STM32F1xx_HAL_Driver/Src/stm32f1xx_hal_rcc_ex.o
LOAD ./Drivers/STM32F1xx_HAL_Driver/Src/stm32f1xx_hal_tim.o
LOAD ./Drivers/STM32F1xx_HAL_Driver/Src/stm32f1xx_hal_tim_ex.o
START GROUP
LOAD C:/ST/STM32CubeIDE_1.14.0/STM32CubeIDE/plugins/com.st.stm32cube.ide.mcu.externaltools.gnu-tools-for-stm32.12.3.rel1.win32_1.1.0.202410251130/tools/bin/../lib/gcc/arm-none-eabi/12.3.1/../../../../arm-none-eabi/lib/thumb/v7-m/nofp\libc_nano.a
LOAD C:/ST/STM32CubeIDE_1.14.0/STM32CubeIDE/plugins/com.st.stm32cube.ide.mcu.externaltools.gnu-tools-for-stm32.12.3.rel1.win32_1.1.0.202410251130/tools/bin/../lib/gcc/arm-none-eabi/12.3.1/../../../../arm-none-eabi/lib/thumb/v7-m/nofp\libm.a
END GROUP
START GROUP
LOAD C:/ST/STM32CubeIDE_1.14.0/STM32CubeIDE/plugins/com.st.stm32cube.ide.mcu.externaltools.gnu-tools-for-stm32.12.3.rel1.win32_1.1.0.202410251130/tools/bin/../lib/gcc/arm-none-eabi/12.3.1/thumb/v7-m/nofp\libgcc.a
LOAD C:/ST/STM32CubeIDE_1.14.0/STM32CubeIDE/plugins/com.st.stm32cube.ide.mcu.externaltools.gnu-tools-for-stm32.12.3.rel1.win32_1.1.0.202410251130/tools/bin/../lib/gcc/arm-none-eabi/12.3.1/../../../../arm-none-eabi/lib/thumb/v7-m/nofp\libc_nano.a
END GROUP
START GROUP
LOAD C:/ST/STM32CubeIDE_1.14.0/STM32CubeIDE/plugins/com.st.stm32cube.ide.mcu.externaltools.gnu-tools-for-stm32.12.3.rel1.win32_1.1.0.202410251130/tools/bin/../lib/gcc/arm-none-eabi/12.3.1/thumb/v7-m/nofp\libgcc.a
LOAD C:/ST/STM32CubeIDE_1.14.0/STM32CubeIDE/plugins/com.st.stm32cube.ide.mcu.externaltools.gnu-tools-for-stm32.12.3.rel1.win32_1.1.0.202410251130/tools/bin/../lib/gcc/arm-none-eabi/12.3.1/../../../../arm-none-eabi/lib/thumb/v7-m/nofp\libc_nano.a
LOAD C:/ST/STM32CubeIDE_1.14.0/STM32CubeIDE/plugins/com.st.stm32cube.ide.mcu.externaltools.gnu-tools-for-stm32.12.3.rel1.win32_1.1.0.202410251130/tools/bin/../lib/gcc/arm-none-eabi/12.3.1/../../../../arm-none-eabi/lib/thumb/v7-m/nofp\libnosys.a
END GROUP
START GROUP
LOAD C:/ST/STM32CubeIDE_1.14.0/STM32CubeIDE/plugins/com.st.stm32cube.ide.mcu.externaltools.gnu-tools-for-stm32.12.3.rel1.win32_1.1.0.202410251130/tools/bin/../lib/gcc/arm-none-eabi/12.3.1/thumb/v7-m/nofp\libgcc.a
LOAD C:/ST/STM32CubeIDE_1.14.0/STM32CubeIDE/plugins/com.st.stm32cube.ide.mcu.externaltools.gnu-tools-for-stm32.12.3.rel1.win32_1.1.0.202410251130/tools/bin/../lib/gcc/arm-none-eabi/12.3.1/../../../../arm-none-eabi/lib/thumb/v7-m/nofp\libc_nano.a
LOAD C:/ST/STM32CubeIDE_1.14.0/STM32CubeIDE/plugins/com.st.stm32cube.ide.mcu.externaltools.gnu-tools-for-stm32.12.3.rel1.win32_1.1.0.202410251130/tools/bin/../lib/gcc/arm-none-eabi/12.3.1/../../../../arm-none-eabi/lib/thumb/v7-m/nofp\libnosys.a
END GROUP
LOAD C:/ST/STM32CubeIDE_1.14.0/STM32CubeIDE/plugins/com.st.stm32cube.ide.mcu.externaltools.gnu-tools-for-stm32.12.3.rel1.win32_1.1.0.202410251130/tools/bin/../lib/gcc/arm-none-eabi/12.3.1/thumb/v7-m/nofp/crtend.o
LOAD C:/ST/STM32CubeIDE_1.14.0/STM32CubeIDE/plugins/com.st.stm32cube.ide.mcu.externaltools.gnu-tools-for-stm32.12.3.rel1.win32_1.1.0.202410251130/tools/bin/../lib/gcc/arm-none-eabi/12.3.1/thumb/v7-m/nofp/crtn.o
                0x20002800                        _estack = (ORIGIN (RAM) + LENGTH (RAM))
                0x00000200                        _Min_Heap_Size = 0x200
                0x00000400                        _Min_Stack_Size = 0x400

.isr_vector     0x08000000      0x10c
                0x08000000                        . = ALIGN (0x4)
 *(.isr_vector)
 .isr_vector    0x08000000      0x10c ./Core/Startup/startup_stm32f103c6ux.o
                0x08000000                g_pfnVectors
                0x0800010c                        . = ALIGN (0x4)

.text           0x0800010c     0x2890
                0x0800010c                        . = ALIGN (0x4)
 *(.text)
 .text          0x0800010c       0x40 C:/ST/STM32CubeIDE_1.14.0/STM32CubeIDE/plugins/com.st.stm32cube.ide.mcu.externaltools.gnu-tools-for-stm32.12.3.rel1.win32_1.1.0.202410251130/tools/bin/../lib/gcc/arm-none-eabi/12.3.1/thumb/v7-m/nofp/crtbegin.o
 *(.text*)
 .text.display7SEG
                0x0800014c       0xec ./Core/Src/fsm_traffic_light.o
                0x0800014c                display7SEG
 .text.update_buffer
                0x08000238       0x78 ./Core/Src/fsm_traffic_light.o
                0x08000238                update_buffer
 .text.scanning_led
                0x080002b0       0x68 ./Core/Src/fsm_traffic_light.o
                0x080002b0                scanning_led
 .text.fsm_for_auto
                0x08000318      0x188 ./Core/Src/fsm_traffic_light.o
                0x08000318                fsm_for_auto
 .text.modify_red
                0x080004a0       0x40 ./Core/Src/fsm_traffic_light.o
                0x080004a0                modify_red
 .text.modify_amber
                0x080004e0       0x40 ./Core/Src/fsm_traffic_light.o
                0x080004e0                modify_amber
 .text.modify_green
                0x08000520       0x40 ./Core/Src/fsm_traffic_light.o
                0x08000520                modify_green
 .text.increase_mode
                0x08000560       0xd4 ./Core/Src/fsm_traffic_light.o
                0x08000560                increase_mode
 .text.fsm_for_traffic_light
                0x08000634      0x250 ./Core/Src/fsm_traffic_light.o
                0x08000634                fsm_for_traffic_light
 .text.button_reading
                0x08000884       0xd0 ./Core/Src/input_reading.o
                0x08000884                button_reading
 .text.is_button_pressed
                0x08000954       0x34 ./Core/Src/input_reading.o
                0x08000954                is_button_pressed
 .text.is_button_pressed_1s
                0x08000988       0x34 ./Core/Src/input_reading.o
                0x08000988                is_button_pressed_1s
 .text.BlinkyLED
                0x080009bc       0x18 ./Core/Src/main.o
                0x080009bc                BlinkyLED
 .text.main     0x080009d4       0x50 ./Core/Src/main.o
                0x080009d4                main
 .text.SystemClock_Config
                0x08000a24       0x76 ./Core/Src/main.o
                0x08000a24                SystemClock_Config
 *fill*         0x08000a9a        0x2 
 .text.MX_TIM2_Init
                0x08000a9c       0x98 ./Core/Src/main.o
 .text.MX_GPIO_Init
                0x08000b34       0xc4 ./Core/Src/main.o
 .text.HAL_TIM_PeriodElapsedCallback
                0x08000bf8       0x22 ./Core/Src/main.o
                0x08000bf8                HAL_TIM_PeriodElapsedCallback
 .text.Error_Handler
                0x08000c1a        0xc ./Core/Src/main.o
                0x08000c1a                Error_Handler
 .text.is_avail
                0x08000c26       0x26 ./Core/Src/scheduler.o
                0x08000c26                is_avail
 .text.Scheduler_Init
                0x08000c4c       0x5c ./Core/Src/scheduler.o
                0x08000c4c                Scheduler_Init
 .text.Scheduler_Add_Task_ID
                0x08000ca8      0x138 ./Core/Src/scheduler.o
                0x08000ca8                Scheduler_Add_Task_ID
 .text.Scheduler_Add_Task
                0x08000de0       0x3c ./Core/Src/scheduler.o
                0x08000de0                Scheduler_Add_Task
 .text.Scheduler_Update
                0x08000e1c       0x38 ./Core/Src/scheduler.o
                0x08000e1c                Scheduler_Update
 .text.Scheduler_Dispatch_Tasks
                0x08000e54       0x60 ./Core/Src/scheduler.o
                0x08000e54                Scheduler_Dispatch_Tasks
 .text.Scheduler_Remove_Task
                0x08000eb4       0x84 ./Core/Src/scheduler.o
                0x08000eb4                Scheduler_Remove_Task
 .text.HAL_MspInit
                0x08000f38       0x64 ./Core/Src/stm32f1xx_hal_msp.o
                0x08000f38                HAL_MspInit
 .text.HAL_TIM_Base_MspInit
                0x08000f9c       0x48 ./Core/Src/stm32f1xx_hal_msp.o
                0x08000f9c                HAL_TIM_Base_MspInit
 .text.NMI_Handler
                0x08000fe4        0x8 ./Core/Src/stm32f1xx_it.o
                0x08000fe4                NMI_Handler
 .text.HardFault_Handler
                0x08000fec        0x8 ./Core/Src/stm32f1xx_it.o
                0x08000fec                HardFault_Handler
 .text.MemManage_Handler
                0x08000ff4        0x8 ./Core/Src/stm32f1xx_it.o
                0x08000ff4                MemManage_Handler
 .text.BusFault_Handler
                0x08000ffc        0x8 ./Core/Src/stm32f1xx_it.o
                0x08000ffc                BusFault_Handler
 .text.UsageFault_Handler
                0x08001004        0x8 ./Core/Src/stm32f1xx_it.o
                0x08001004                UsageFault_Handler
 .text.SVC_Handler
                0x0800100c        0xc ./Core/Src/stm32f1xx_it.o
                0x0800100c                SVC_Handler
 .text.DebugMon_Handler
                0x08001018        0xc ./Core/Src/stm32f1xx_it.o
                0x08001018                DebugMon_Handler
 .text.PendSV_Handler
                0x08001024        0xc ./Core/Src/stm32f1xx_it.o
                0x08001024                PendSV_Handler
 .text.SysTick_Handler
                0x08001030        0xc ./Core/Src/stm32f1xx_it.o
                0x08001030                SysTick_Handler
 .text.TIM2_IRQHandler
                0x0800103c       0x14 ./Core/Src/stm32f1xx_it.o
                0x0800103c                TIM2_IRQHandler
 .text._sbrk    0x08001050       0x6c ./Core/Src/sysmem.o
                0x08001050                _sbrk
 .text.SystemInit
                0x080010bc        0xc ./Core/Src/system_stm32f1xx.o
                0x080010bc                SystemInit
 .text.Reset_Handler
                0x080010c8       0x48 ./Core/Startup/startup_stm32f103c6ux.o
                0x080010c8                Reset_Handler
 .text.Default_Handler
                0x08001110        0x2 ./Core/Startup/startup_stm32f103c6ux.o
                0x08001110                RTC_Alarm_IRQHandler
                0x08001110                EXTI2_IRQHandler
                0x08001110                TIM1_CC_IRQHandler
                0x08001110                PVD_IRQHandler
                0x08001110                EXTI3_IRQHandler
                0x08001110                EXTI0_IRQHandler
                0x08001110                ADC1_2_IRQHandler
                0x08001110                SPI1_IRQHandler
                0x08001110                TAMPER_IRQHandler
                0x08001110                DMA1_Channel4_IRQHandler
                0x08001110                RTC_IRQHandler
                0x08001110                DMA1_Channel7_IRQHandler
                0x08001110                CAN1_RX1_IRQHandler
                0x08001110                I2C1_EV_IRQHandler
                0x08001110                DMA1_Channel6_IRQHandler
                0x08001110                TIM3_IRQHandler
                0x08001110                RCC_IRQHandler
                0x08001110                TIM1_TRG_COM_IRQHandler
                0x08001110                DMA1_Channel1_IRQHandler
                0x08001110                Default_Handler
                0x08001110                EXTI15_10_IRQHandler
                0x08001110                EXTI9_5_IRQHandler
                0x08001110                DMA1_Channel5_IRQHandler
                0x08001110                EXTI4_IRQHandler
                0x08001110                USB_LP_CAN1_RX0_IRQHandler
                0x08001110                USB_HP_CAN1_TX_IRQHandler
                0x08001110                DMA1_Channel3_IRQHandler
                0x08001110                TIM1_UP_IRQHandler
                0x08001110                WWDG_IRQHandler
                0x08001110                TIM1_BRK_IRQHandler
                0x08001110                EXTI1_IRQHandler
                0x08001110                USART2_IRQHandler
                0x08001110                DMA1_Channel2_IRQHandler
                0x08001110                CAN1_SCE_IRQHandler
                0x08001110                FLASH_IRQHandler
                0x08001110                USART1_IRQHandler
                0x08001110                I2C1_ER_IRQHandler
                0x08001110                USBWakeUp_IRQHandler
 *fill*         0x08001112        0x2 
 .text.HAL_Init
                0x08001114       0x2c ./Drivers/STM32F1xx_HAL_Driver/Src/stm32f1xx_hal.o
                0x08001114                HAL_Init
 .text.HAL_InitTick
                0x08001140       0x60 ./Drivers/STM32F1xx_HAL_Driver/Src/stm32f1xx_hal.o
                0x08001140                HAL_InitTick
 .text.HAL_IncTick
                0x080011a0       0x24 ./Drivers/STM32F1xx_HAL_Driver/Src/stm32f1xx_hal.o
                0x080011a0                HAL_IncTick
 .text.HAL_GetTick
                0x080011c4       0x14 ./Drivers/STM32F1xx_HAL_Driver/Src/stm32f1xx_hal.o
                0x080011c4                HAL_GetTick
 .text.__NVIC_SetPriorityGrouping
                0x080011d8       0x48 ./Drivers/STM32F1xx_HAL_Driver/Src/stm32f1xx_hal_cortex.o
 .text.__NVIC_GetPriorityGrouping
                0x08001220       0x1c ./Drivers/STM32F1xx_HAL_Driver/Src/stm32f1xx_hal_cortex.o
 .text.__NVIC_EnableIRQ
                0x0800123c       0x38 ./Drivers/STM32F1xx_HAL_Driver/Src/stm32f1xx_hal_cortex.o
 .text.__NVIC_SetPriority
                0x08001274       0x54 ./Drivers/STM32F1xx_HAL_Driver/Src/stm32f1xx_hal_cortex.o
 .text.NVIC_EncodePriority
                0x080012c8       0x64 ./Drivers/STM32F1xx_HAL_Driver/Src/stm32f1xx_hal_cortex.o
 .text.SysTick_Config
                0x0800132c       0x44 ./Drivers/STM32F1xx_HAL_Driver/Src/stm32f1xx_hal_cortex.o
 .text.HAL_NVIC_SetPriorityGrouping
                0x08001370       0x16 ./Drivers/STM32F1xx_HAL_Driver/Src/stm32f1xx_hal_cortex.o
                0x08001370                HAL_NVIC_SetPriorityGrouping
 .text.HAL_NVIC_SetPriority
                0x08001386       0x38 ./Drivers/STM32F1xx_HAL_Driver/Src/stm32f1xx_hal_cortex.o
                0x08001386                HAL_NVIC_SetPriority
 .text.HAL_NVIC_EnableIRQ
                0x080013be       0x1c ./Drivers/STM32F1xx_HAL_Driver/Src/stm32f1xx_hal_cortex.o
                0x080013be                HAL_NVIC_EnableIRQ
 .text.HAL_SYSTICK_Config
                0x080013da       0x18 ./Drivers/STM32F1xx_HAL_Driver/Src/stm32f1xx_hal_cortex.o
                0x080013da                HAL_SYSTICK_Config
 *fill*         0x080013f2        0x2 
 .text.HAL_GPIO_Init
                0x080013f4      0x2f8 ./Drivers/STM32F1xx_HAL_Driver/Src/stm32f1xx_hal_gpio.o
                0x080013f4                HAL_GPIO_Init
 .text.HAL_GPIO_ReadPin
                0x080016ec       0x2e ./Drivers/STM32F1xx_HAL_Driver/Src/stm32f1xx_hal_gpio.o
                0x080016ec                HAL_GPIO_ReadPin
 .text.HAL_GPIO_WritePin
                0x0800171a       0x30 ./Drivers/STM32F1xx_HAL_Driver/Src/stm32f1xx_hal_gpio.o
                0x0800171a                HAL_GPIO_WritePin
 .text.HAL_GPIO_TogglePin
                0x0800174a       0x32 ./Drivers/STM32F1xx_HAL_Driver/Src/stm32f1xx_hal_gpio.o
                0x0800174a                HAL_GPIO_TogglePin
 .text.HAL_RCC_OscConfig
                0x0800177c      0x504 ./Drivers/STM32F1xx_HAL_Driver/Src/stm32f1xx_hal_rcc.o
                0x0800177c                HAL_RCC_OscConfig
 .text.HAL_RCC_ClockConfig
                0x08001c80      0x1d4 ./Drivers/STM32F1xx_HAL_Driver/Src/stm32f1xx_hal_rcc.o
                0x08001c80                HAL_RCC_ClockConfig
 .text.HAL_RCC_GetSysClockFreq
                0x08001e54       0xa8 ./Drivers/STM32F1xx_HAL_Driver/Src/stm32f1xx_hal_rcc.o
                0x08001e54                HAL_RCC_GetSysClockFreq
 .text.RCC_Delay
                0x08001efc       0x3c ./Drivers/STM32F1xx_HAL_Driver/Src/stm32f1xx_hal_rcc.o
 .text.HAL_TIM_Base_Init
                0x08001f38       0x9e ./Drivers/STM32F1xx_HAL_Driver/Src/stm32f1xx_hal_tim.o
                0x08001f38                HAL_TIM_Base_Init
 *fill*         0x08001fd6        0x2 
 .text.HAL_TIM_Base_Start_IT
                0x08001fd8       0x98 ./Drivers/STM32F1xx_HAL_Driver/Src/stm32f1xx_hal_tim.o
                0x08001fd8                HAL_TIM_Base_Start_IT
 .text.HAL_TIM_IRQHandler
                0x08002070      0x1e0 ./Drivers/STM32F1xx_HAL_Driver/Src/stm32f1xx_hal_tim.o
                0x08002070                HAL_TIM_IRQHandler
 .text.HAL_TIM_ConfigClockSource
                0x08002250      0x18e ./Drivers/STM32F1xx_HAL_Driver/Src/stm32f1xx_hal_tim.o
                0x08002250                HAL_TIM_ConfigClockSource
 .text.HAL_TIM_OC_DelayElapsedCallback
                0x080023de       0x12 ./Drivers/STM32F1xx_HAL_Driver/Src/stm32f1xx_hal_tim.o
                0x080023de                HAL_TIM_OC_DelayElapsedCallback
 .text.HAL_TIM_IC_CaptureCallback
                0x080023f0       0x12 ./Drivers/STM32F1xx_HAL_Driver/Src/stm32f1xx_hal_tim.o
                0x080023f0                HAL_TIM_IC_CaptureCallback
 .text.HAL_TIM_PWM_PulseFinishedCallback
                0x08002402       0x12 ./Drivers/STM32F1xx_HAL_Driver/Src/stm32f1xx_hal_tim.o
                0x08002402                HAL_TIM_PWM_PulseFinishedCallback
 .text.HAL_TIM_TriggerCallback
                0x08002414       0x12 ./Drivers/STM32F1xx_HAL_Driver/Src/stm32f1xx_hal_tim.o
                0x08002414                HAL_TIM_TriggerCallback
 *fill*         0x08002426        0x2 
 .text.TIM_Base_SetConfig
                0x08002428       0xc8 ./Drivers/STM32F1xx_HAL_Driver/Src/stm32f1xx_hal_tim.o
                0x08002428                TIM_Base_SetConfig
 .text.TIM_TI1_ConfigInputStage
                0x080024f0       0x5c ./Drivers/STM32F1xx_HAL_Driver/Src/stm32f1xx_hal_tim.o
 .text.TIM_TI2_ConfigInputStage
                0x0800254c       0x5e ./Drivers/STM32F1xx_HAL_Driver/Src/stm32f1xx_hal_tim.o
 .text.TIM_ITRx_SetConfig
                0x080025aa       0x34 ./Drivers/STM32F1xx_HAL_Driver/Src/stm32f1xx_hal_tim.o
 .text.TIM_ETR_SetConfig
                0x080025de       0x3e ./Drivers/STM32F1xx_HAL_Driver/Src/stm32f1xx_hal_tim.o
                0x080025de                TIM_ETR_SetConfig
 .text.HAL_TIMEx_MasterConfigSynchronization
                0x0800261c       0xb0 ./Drivers/STM32F1xx_HAL_Driver/Src/stm32f1xx_hal_tim_ex.o
                0x0800261c                HAL_TIMEx_MasterConfigSynchronization
 .text.HAL_TIMEx_CommutCallback
                0x080026cc       0x12 ./Drivers/STM32F1xx_HAL_Driver/Src/stm32f1xx_hal_tim_ex.o
                0x080026cc                HAL_TIMEx_CommutCallback
 .text.HAL_TIMEx_BreakCallback
                0x080026de       0x12 ./Drivers/STM32F1xx_HAL_Driver/Src/stm32f1xx_hal_tim_ex.o
                0x080026de                HAL_TIMEx_BreakCallback
 .text.malloc   0x080026f0       0x10 C:/ST/STM32CubeIDE_1.14.0/STM32CubeIDE/plugins/com.st.stm32cube.ide.mcu.externaltools.gnu-tools-for-stm32.12.3.rel1.win32_1.1.0.202410251130/tools/bin/../lib/gcc/arm-none-eabi/12.3.1/../../../../arm-none-eabi/lib/thumb/v7-m/nofp\libc_nano.a(libc_a-malloc.o)
                0x080026f0                malloc
 .text.free     0x08002700       0x10 C:/ST/STM32CubeIDE_1.14.0/STM32CubeIDE/plugins/com.st.stm32cube.ide.mcu.externaltools.gnu-tools-for-stm32.12.3.rel1.win32_1.1.0.202410251130/tools/bin/../lib/gcc/arm-none-eabi/12.3.1/../../../../arm-none-eabi/lib/thumb/v7-m/nofp\libc_nano.a(libc_a-malloc.o)
                0x08002700                free
 .text.sbrk_aligned
                0x08002710       0x44 C:/ST/STM32CubeIDE_1.14.0/STM32CubeIDE/plugins/com.st.stm32cube.ide.mcu.externaltools.gnu-tools-for-stm32.12.3.rel1.win32_1.1.0.202410251130/tools/bin/../lib/gcc/arm-none-eabi/12.3.1/../../../../arm-none-eabi/lib/thumb/v7-m/nofp\libc_nano.a(libc_a-mallocr.o)
 .text._malloc_r
                0x08002754      0x100 C:/ST/STM32CubeIDE_1.14.0/STM32CubeIDE/plugins/com.st.stm32cube.ide.mcu.externaltools.gnu-tools-for-stm32.12.3.rel1.win32_1.1.0.202410251130/tools/bin/../lib/gcc/arm-none-eabi/12.3.1/../../../../arm-none-eabi/lib/thumb/v7-m/nofp\libc_nano.a(libc_a-mallocr.o)
                0x08002754                _malloc_r
 .text.__malloc_lock
                0x08002854        0xc C:/ST/STM32CubeIDE_1.14.0/STM32CubeIDE/plugins/com.st.stm32cube.ide.mcu.externaltools.gnu-tools-for-stm32.12.3.rel1.win32_1.1.0.202410251130/tools/bin/../lib/gcc/arm-none-eabi/12.3.1/../../../../arm-none-eabi/lib/thumb/v7-m/nofp\libc_nano.a(libc_a-mlock.o)
                0x08002854                __malloc_lock
 .text.__malloc_unlock
                0x08002860        0xc C:/ST/STM32CubeIDE_1.14.0/STM32CubeIDE/plugins/com.st.stm32cube.ide.mcu.externaltools.gnu-tools-for-stm32.12.3.rel1.win32_1.1.0.202410251130/tools/bin/../lib/gcc/arm-none-eabi/12.3.1/../../../../arm-none-eabi/lib/thumb/v7-m/nofp\libc_nano.a(libc_a-mlock.o)
                0x08002860                __malloc_unlock
 .text.memset   0x0800286c       0x10 C:/ST/STM32CubeIDE_1.14.0/STM32CubeIDE/plugins/com.st.stm32cube.ide.mcu.externaltools.gnu-tools-for-stm32.12.3.rel1.win32_1.1.0.202410251130/tools/bin/../lib/gcc/arm-none-eabi/12.3.1/../../../../arm-none-eabi/lib/thumb/v7-m/nofp\libc_nano.a(libc_a-memset.o)
                0x0800286c                memset
 .text._sbrk_r  0x0800287c       0x20 C:/ST/STM32CubeIDE_1.14.0/STM32CubeIDE/plugins/com.st.stm32cube.ide.mcu.externaltools.gnu-tools-for-stm32.12.3.rel1.win32_1.1.0.202410251130/tools/bin/../lib/gcc/arm-none-eabi/12.3.1/../../../../arm-none-eabi/lib/thumb/v7-m/nofp\libc_nano.a(libc_a-sbrkr.o)
                0x0800287c                _sbrk_r
 .text.__errno  0x0800289c        0xc C:/ST/STM32CubeIDE_1.14.0/STM32CubeIDE/plugins/com.st.stm32cube.ide.mcu.externaltools.gnu-tools-for-stm32.12.3.rel1.win32_1.1.0.202410251130/tools/bin/../lib/gcc/arm-none-eabi/12.3.1/../../../../arm-none-eabi/lib/thumb/v7-m/nofp\libc_nano.a(libc_a-errno.o)
                0x0800289c                __errno
 .text.__libc_init_array
                0x080028a8       0x48 C:/ST/STM32CubeIDE_1.14.0/STM32CubeIDE/plugins/com.st.stm32cube.ide.mcu.externaltools.gnu-tools-for-stm32.12.3.rel1.win32_1.1.0.202410251130/tools/bin/../lib/gcc/arm-none-eabi/12.3.1/../../../../arm-none-eabi/lib/thumb/v7-m/nofp\libc_nano.a(libc_a-init.o)
                0x080028a8                __libc_init_array
 .text.__retarget_lock_acquire_recursive
                0x080028f0        0x2 C:/ST/STM32CubeIDE_1.14.0/STM32CubeIDE/plugins/com.st.stm32cube.ide.mcu.externaltools.gnu-tools-for-stm32.12.3.rel1.win32_1.1.0.202410251130/tools/bin/../lib/gcc/arm-none-eabi/12.3.1/../../../../arm-none-eabi/lib/thumb/v7-m/nofp\libc_nano.a(libc_a-lock.o)
                0x080028f0                __retarget_lock_acquire_recursive
 .text.__retarget_lock_release_recursive
                0x080028f2        0x2 C:/ST/STM32CubeIDE_1.14.0/STM32CubeIDE/plugins/com.st.stm32cube.ide.mcu.externaltools.gnu-tools-for-stm32.12.3.rel1.win32_1.1.0.202410251130/tools/bin/../lib/gcc/arm-none-eabi/12.3.1/../../../../arm-none-eabi/lib/thumb/v7-m/nofp\libc_nano.a(libc_a-lock.o)
                0x080028f2                __retarget_lock_release_recursive
 .text._free_r  0x080028f4       0x90 C:/ST/STM32CubeIDE_1.14.0/STM32CubeIDE/plugins/com.st.stm32cube.ide.mcu.externaltools.gnu-tools-for-stm32.12.3.rel1.win32_1.1.0.202410251130/tools/bin/../lib/gcc/arm-none-eabi/12.3.1/../../../../arm-none-eabi/lib/thumb/v7-m/nofp\libc_nano.a(libc_a-freer.o)
                0x080028f4                _free_r
 *(.glue_7)
 .glue_7        0x08002984        0x0 linker stubs
 *(.glue_7t)
 .glue_7t       0x08002984        0x0 linker stubs
 *(.eh_frame)
 .eh_frame      0x08002984        0x0 C:/ST/STM32CubeIDE_1.14.0/STM32CubeIDE/plugins/com.st.stm32cube.ide.mcu.externaltools.gnu-tools-for-stm32.12.3.rel1.win32_1.1.0.202410251130/tools/bin/../lib/gcc/arm-none-eabi/12.3.1/thumb/v7-m/nofp/crtbegin.o
 *(.init)
 .init          0x08002984        0x4 C:/ST/STM32CubeIDE_1.14.0/STM32CubeIDE/plugins/com.st.stm32cube.ide.mcu.externaltools.gnu-tools-for-stm32.12.3.rel1.win32_1.1.0.202410251130/tools/bin/../lib/gcc/arm-none-eabi/12.3.1/thumb/v7-m/nofp/crti.o
                0x08002984                _init
 .init          0x08002988        0x8 C:/ST/STM32CubeIDE_1.14.0/STM32CubeIDE/plugins/com.st.stm32cube.ide.mcu.externaltools.gnu-tools-for-stm32.12.3.rel1.win32_1.1.0.202410251130/tools/bin/../lib/gcc/arm-none-eabi/12.3.1/thumb/v7-m/nofp/crtn.o
 *(.fini)
 .fini          0x08002990        0x4 C:/ST/STM32CubeIDE_1.14.0/STM32CubeIDE/plugins/com.st.stm32cube.ide.mcu.externaltools.gnu-tools-for-stm32.12.3.rel1.win32_1.1.0.202410251130/tools/bin/../lib/gcc/arm-none-eabi/12.3.1/thumb/v7-m/nofp/crti.o
                0x08002990                _fini
 .fini          0x08002994        0x8 C:/ST/STM32CubeIDE_1.14.0/STM32CubeIDE/plugins/com.st.stm32cube.ide.mcu.externaltools.gnu-tools-for-stm32.12.3.rel1.win32_1.1.0.202410251130/tools/bin/../lib/gcc/arm-none-eabi/12.3.1/thumb/v7-m/nofp/crtn.o
                0x0800299c                        . = ALIGN (0x4)
                0x0800299c                        _etext = .

.vfp11_veneer   0x0800299c        0x0
 .vfp11_veneer  0x0800299c        0x0 linker stubs

.v4_bx          0x0800299c        0x0
 .v4_bx         0x0800299c        0x0 linker stubs

.iplt           0x0800299c        0x0
 .iplt          0x0800299c        0x0 C:/ST/STM32CubeIDE_1.14.0/STM32CubeIDE/plugins/com.st.stm32cube.ide.mcu.externaltools.gnu-tools-for-stm32.12.3.rel1.win32_1.1.0.202410251130/tools/bin/../lib/gcc/arm-none-eabi/12.3.1/thumb/v7-m/nofp/crtbegin.o

.rodata         0x0800299c       0x24
                0x0800299c                        . = ALIGN (0x4)
 *(.rodata)
 *(.rodata*)
 .rodata.AHBPrescTable
                0x0800299c       0x10 ./Core/Src/system_stm32f1xx.o
                0x0800299c                AHBPrescTable
 .rodata.aPLLMULFactorTable.1
                0x080029ac       0x10 ./Drivers/STM32F1xx_HAL_Driver/Src/stm32f1xx_hal_rcc.o
 .rodata.aPredivFactorTable.0
                0x080029bc        0x2 ./Drivers/STM32F1xx_HAL_Driver/Src/stm32f1xx_hal_rcc.o
                0x080029c0                        . = ALIGN (0x4)
 *fill*         0x080029be        0x2 

.ARM.extab      0x080029c0        0x0
                0x080029c0                        . = ALIGN (0x4)
 *(.ARM.extab* .gnu.linkonce.armextab.*)
                0x080029c0                        . = ALIGN (0x4)

.ARM            0x080029c0        0x0
                0x080029c0                        . = ALIGN (0x4)
                0x080029c0                        __exidx_start = .
 *(.ARM.exidx*)
                0x080029c0                        __exidx_end = .
                0x080029c0                        . = ALIGN (0x4)

.preinit_array  0x080029c0        0x0
                0x080029c0                        . = ALIGN (0x4)
                0x080029c0                        PROVIDE (__preinit_array_start = .)
 *(.preinit_array*)
                0x080029c0                        PROVIDE (__preinit_array_end = .)
                0x080029c0                        . = ALIGN (0x4)

.init_array     0x080029c0        0x4
                0x080029c0                        . = ALIGN (0x4)
                0x080029c0                        PROVIDE (__init_array_start = .)
 *(SORT_BY_NAME(.init_array.*))
 *(.init_array*)
 .init_array    0x080029c0        0x4 C:/ST/STM32CubeIDE_1.14.0/STM32CubeIDE/plugins/com.st.stm32cube.ide.mcu.externaltools.gnu-tools-for-stm32.12.3.rel1.win32_1.1.0.202410251130/tools/bin/../lib/gcc/arm-none-eabi/12.3.1/thumb/v7-m/nofp/crtbegin.o
                0x080029c4                        PROVIDE (__init_array_end = .)
                0x080029c4                        . = ALIGN (0x4)

.fini_array     0x080029c4        0x4
                0x080029c4                        . = ALIGN (0x4)
                [!provide]                        PROVIDE (__fini_array_start = .)
 *(SORT_BY_NAME(.fini_array.*))
 *(.fini_array*)
 .fini_array    0x080029c4        0x4 C:/ST/STM32CubeIDE_1.14.0/STM32CubeIDE/plugins/com.st.stm32cube.ide.mcu.externaltools.gnu-tools-for-stm32.12.3.rel1.win32_1.1.0.202410251130/tools/bin/../lib/gcc/arm-none-eabi/12.3.1/thumb/v7-m/nofp/crtbegin.o
                [!provide]                        PROVIDE (__fini_array_end = .)
                0x080029c8                        . = ALIGN (0x4)
                0x080029c8                        _sidata = LOADADDR (.data)

.rel.dyn        0x080029c8        0x0
 .rel.iplt      0x080029c8        0x0 C:/ST/STM32CubeIDE_1.14.0/STM32CubeIDE/plugins/com.st.stm32cube.ide.mcu.externaltools.gnu-tools-for-stm32.12.3.rel1.win32_1.1.0.202410251130/tools/bin/../lib/gcc/arm-none-eabi/12.3.1/thumb/v7-m/nofp/crtbegin.o

.data           0x20000000       0x84 load address 0x080029c8
                0x20000000                        . = ALIGN (0x4)
                0x20000000                        _sdata = .
 *(.data)
 *(.data*)
 .data.red_light
                0x20000000        0x1 ./Core/Src/fsm_traffic_light.o
                0x20000000                red_light
 .data.amber_light
                0x20000001        0x1 ./Core/Src/fsm_traffic_light.o
                0x20000001                amber_light
 .data.green_light
                0x20000002        0x1 ./Core/Src/fsm_traffic_light.o
                0x20000002                green_light
 *fill*         0x20000003        0x1 
 .data.EN_Pin   0x20000004        0x8 ./Core/Src/fsm_traffic_light.o
                0x20000004                EN_Pin
 .data.line_2   0x2000000c        0x1 ./Core/Src/global.o
                0x2000000c                line_2
 *fill*         0x2000000d        0x3 
 .data.buttonBuffer
                0x20000010        0x3 ./Core/Src/input_reading.o
 *fill*         0x20000013        0x1 
 .data.BTN_Port
                0x20000014        0xc ./Core/Src/input_reading.o
                0x20000014                BTN_Port
 .data.BTN_Pin  0x20000020        0x6 ./Core/Src/input_reading.o
                0x20000020                BTN_Pin
 *fill*         0x20000026        0x2 
 .data.SystemCoreClock
                0x20000028        0x4 ./Core/Src/system_stm32f1xx.o
                0x20000028                SystemCoreClock
 .data.uwTickPrio
                0x2000002c        0x4 ./Drivers/STM32F1xx_HAL_Driver/Src/stm32f1xx_hal.o
                0x2000002c                uwTickPrio
 .data.uwTickFreq
                0x20000030        0x1 ./Drivers/STM32F1xx_HAL_Driver/Src/stm32f1xx_hal.o
                0x20000030                uwTickFreq
 *fill*         0x20000031        0x3 
 .data._impure_ptr
                0x20000034        0x4 C:/ST/STM32CubeIDE_1.14.0/STM32CubeIDE/plugins/com.st.stm32cube.ide.mcu.externaltools.gnu-tools-for-stm32.12.3.rel1.win32_1.1.0.202410251130/tools/bin/../lib/gcc/arm-none-eabi/12.3.1/../../../../arm-none-eabi/lib/thumb/v7-m/nofp\libc_nano.a(libc_a-impure.o)
                0x20000034                _impure_ptr
 .data._impure_data
                0x20000038       0x4c C:/ST/STM32CubeIDE_1.14.0/STM32CubeIDE/plugins/com.st.stm32cube.ide.mcu.externaltools.gnu-tools-for-stm32.12.3.rel1.win32_1.1.0.202410251130/tools/bin/../lib/gcc/arm-none-eabi/12.3.1/../../../../arm-none-eabi/lib/thumb/v7-m/nofp\libc_nano.a(libc_a-impure.o)
                0x20000038                _impure_data
 *(.RamFunc)
 *(.RamFunc*)
                0x20000084                        . = ALIGN (0x4)
                0x20000084                        _edata = .

.igot.plt       0x20000084        0x0 load address 0x08002a4c
 .igot.plt      0x20000084        0x0 C:/ST/STM32CubeIDE_1.14.0/STM32CubeIDE/plugins/com.st.stm32cube.ide.mcu.externaltools.gnu-tools-for-stm32.12.3.rel1.win32_1.1.0.202410251130/tools/bin/../lib/gcc/arm-none-eabi/12.3.1/thumb/v7-m/nofp/crtbegin.o
                0x20000084                        . = ALIGN (0x4)

.bss            0x20000084      0x1e4 load address 0x08002a4c
                0x20000084                        _sbss = .
                0x20000084                        __bss_start__ = _sbss
 *(.bss)
 .bss           0x20000084       0x1c C:/ST/STM32CubeIDE_1.14.0/STM32CubeIDE/plugins/com.st.stm32cube.ide.mcu.externaltools.gnu-tools-for-stm32.12.3.rel1.win32_1.1.0.202410251130/tools/bin/../lib/gcc/arm-none-eabi/12.3.1/thumb/v7-m/nofp/crtbegin.o
 *(.bss*)
 .bss.led_buffer
                0x200000a0        0x4 ./Core/Src/fsm_traffic_light.o
                0x200000a0                led_buffer
 .bss.buffer    0x200000a4        0x1 ./Core/Src/fsm_traffic_light.o
                0x200000a4                buffer
 .bss.scanning_idx
                0x200000a5        0x1 ./Core/Src/fsm_traffic_light.o
 *fill*         0x200000a6        0x2 
 .bss.button_state
                0x200000a8        0x3 ./Core/Src/fsm_traffic_light.o
                0x200000a8                button_state
 .bss.count_1   0x200000ab        0x1 ./Core/Src/fsm_traffic_light.o
                0x200000ab                count_1
 .bss.count_2   0x200000ac        0x1 ./Core/Src/fsm_traffic_light.o
                0x200000ac                count_2
 .bss.mode      0x200000ad        0x1 ./Core/Src/global.o
                0x200000ad                mode
 .bss.line_1    0x200000ae        0x1 ./Core/Src/global.o
                0x200000ae                line_1
 *fill*         0x200000af        0x1 
 .bss.state_ID  0x200000b0        0x4 ./Core/Src/global.o
                0x200000b0                state_ID
 .bss.debounceButtonBuffer1
                0x200000b4        0x3 ./Core/Src/input_reading.o
 *fill*         0x200000b7        0x1 
 .bss.debounceButtonBuffer2
                0x200000b8        0x3 ./Core/Src/input_reading.o
 *fill*         0x200000bb        0x1 
 .bss.flagForButtonPress1s
                0x200000bc        0x3 ./Core/Src/input_reading.o
 *fill*         0x200000bf        0x1 
 .bss.counterForButtonPress1s
                0x200000c0        0x6 ./Core/Src/input_reading.o
 *fill*         0x200000c6        0x2 
 .bss.htim2     0x200000c8       0x48 ./Core/Src/main.o
                0x200000c8                htim2
 .bss.tasks     0x20000110        0x8 ./Core/Src/scheduler.o
                0x20000110                tasks
 .bss.__sbrk_heap_end
                0x20000118        0x4 ./Core/Src/sysmem.o
 .bss.uwTick    0x2000011c        0x4 ./Drivers/STM32F1xx_HAL_Driver/Src/stm32f1xx_hal.o
                0x2000011c                uwTick
 .bss.__malloc_sbrk_start
                0x20000120        0x4 C:/ST/STM32CubeIDE_1.14.0/STM32CubeIDE/plugins/com.st.stm32cube.ide.mcu.externaltools.gnu-tools-for-stm32.12.3.rel1.win32_1.1.0.202410251130/tools/bin/../lib/gcc/arm-none-eabi/12.3.1/../../../../arm-none-eabi/lib/thumb/v7-m/nofp\libc_nano.a(libc_a-mallocr.o)
                0x20000120                __malloc_sbrk_start
 .bss.__malloc_free_list
                0x20000124        0x4 C:/ST/STM32CubeIDE_1.14.0/STM32CubeIDE/plugins/com.st.stm32cube.ide.mcu.externaltools.gnu-tools-for-stm32.12.3.rel1.win32_1.1.0.202410251130/tools/bin/../lib/gcc/arm-none-eabi/12.3.1/../../../../arm-none-eabi/lib/thumb/v7-m/nofp\libc_nano.a(libc_a-mallocr.o)
                0x20000124                __malloc_free_list
 .bss.__sf      0x20000128      0x138 C:/ST/STM32CubeIDE_1.14.0/STM32CubeIDE/plugins/com.st.stm32cube.ide.mcu.externaltools.gnu-tools-for-stm32.12.3.rel1.win32_1.1.0.202410251130/tools/bin/../lib/gcc/arm-none-eabi/12.3.1/../../../../arm-none-eabi/lib/thumb/v7-m/nofp\libc_nano.a(libc_a-findfp.o)
                0x20000128                __sf
 .bss.errno     0x20000260        0x4 C:/ST/STM32CubeIDE_1.14.0/STM32CubeIDE/plugins/com.st.stm32cube.ide.mcu.externaltools.gnu-tools-for-stm32.12.3.rel1.win32_1.1.0.202410251130/tools/bin/../lib/gcc/arm-none-eabi/12.3.1/../../../../arm-none-eabi/lib/thumb/v7-m/nofp\libc_nano.a(libc_a-reent.o)
                0x20000260                errno
 .bss.__lock___malloc_recursive_mutex
                0x20000264        0x1 C:/ST/STM32CubeIDE_1.14.0/STM32CubeIDE/plugins/com.st.stm32cube.ide.mcu.externaltools.gnu-tools-for-stm32.12.3.rel1.win32_1.1.0.202410251130/tools/bin/../lib/gcc/arm-none-eabi/12.3.1/../../../../arm-none-eabi/lib/thumb/v7-m/nofp\libc_nano.a(libc_a-lock.o)
                0x20000264                __lock___malloc_recursive_mutex
 *(COMMON)
                0x20000268                        . = ALIGN (0x4)
 *fill*         0x20000265        0x3 
                0x20000268                        _ebss = .
                0x20000268                        __bss_end__ = _ebss

._user_heap_stack
                0x20000268      0x600 load address 0x08002a4c
                0x20000268                        . = ALIGN (0x8)
                [!provide]                        PROVIDE (end = .)
                0x20000268                        PROVIDE (_end = .)
                0x20000468                        . = (. + _Min_Heap_Size)
 *fill*         0x20000268      0x200 
                0x20000868                        . = (. + _Min_Stack_Size)
 *fill*         0x20000468      0x400 
                0x20000868                        . = ALIGN (0x8)

/DISCARD/
 libc.a(*)
 libm.a(*)
 libgcc.a(*)

.ARM.attributes
                0x00000000       0x29
 *(.ARM.attributes)
 .ARM.attributes
                0x00000000       0x1d C:/ST/STM32CubeIDE_1.14.0/STM32CubeIDE/plugins/com.st.stm32cube.ide.mcu.externaltools.gnu-tools-for-stm32.12.3.rel1.win32_1.1.0.202410251130/tools/bin/../lib/gcc/arm-none-eabi/12.3.1/thumb/v7-m/nofp/crti.o
 .ARM.attributes
                0x0000001d       0x2d C:/ST/STM32CubeIDE_1.14.0/STM32CubeIDE/plugins/com.st.stm32cube.ide.mcu.externaltools.gnu-tools-for-stm32.12.3.rel1.win32_1.1.0.202410251130/tools/bin/../lib/gcc/arm-none-eabi/12.3.1/thumb/v7-m/nofp/crtbegin.o
 .ARM.attributes
                0x0000004a       0x2d ./Core/Src/fsm_traffic_light.o
 .ARM.attributes
                0x00000077       0x2d ./Core/Src/global.o
 .ARM.attributes
                0x000000a4       0x2d ./Core/Src/input_reading.o
 .ARM.attributes
                0x000000d1       0x2d ./Core/Src/main.o
 .ARM.attributes
                0x000000fe       0x2d ./Core/Src/scheduler.o
 .ARM.attributes
                0x0000012b       0x2d ./Core/Src/stm32f1xx_hal_msp.o
 .ARM.attributes
                0x00000158       0x2d ./Core/Src/stm32f1xx_it.o
 .ARM.attributes
                0x00000185       0x2d ./Core/Src/sysmem.o
 .ARM.attributes
                0x000001b2       0x2d ./Core/Src/system_stm32f1xx.o
 .ARM.attributes
                0x000001df       0x21 ./Core/Startup/startup_stm32f103c6ux.o
 .ARM.attributes
                0x00000200       0x2d ./Drivers/STM32F1xx_HAL_Driver/Src/stm32f1xx_hal.o
 .ARM.attributes
                0x0000022d       0x2d ./Drivers/STM32F1xx_HAL_Driver/Src/stm32f1xx_hal_cortex.o
 .ARM.attributes
                0x0000025a       0x2d ./Drivers/STM32F1xx_HAL_Driver/Src/stm32f1xx_hal_gpio.o
 .ARM.attributes
                0x00000287       0x2d ./Drivers/STM32F1xx_HAL_Driver/Src/stm32f1xx_hal_rcc.o
 .ARM.attributes
                0x000002b4       0x2d ./Drivers/STM32F1xx_HAL_Driver/Src/stm32f1xx_hal_tim.o
 .ARM.attributes
                0x000002e1       0x2d ./Drivers/STM32F1xx_HAL_Driver/Src/stm32f1xx_hal_tim_ex.o
 .ARM.attributes
                0x0000030e       0x2d C:/ST/STM32CubeIDE_1.14.0/STM32CubeIDE/plugins/com.st.stm32cube.ide.mcu.externaltools.gnu-tools-for-stm32.12.3.rel1.win32_1.1.0.202410251130/tools/bin/../lib/gcc/arm-none-eabi/12.3.1/../../../../arm-none-eabi/lib/thumb/v7-m/nofp\libc_nano.a(libc_a-malloc.o)
 .ARM.attributes
                0x0000033b       0x2d C:/ST/STM32CubeIDE_1.14.0/STM32CubeIDE/plugins/com.st.stm32cube.ide.mcu.externaltools.gnu-tools-for-stm32.12.3.rel1.win32_1.1.0.202410251130/tools/bin/../lib/gcc/arm-none-eabi/12.3.1/../../../../arm-none-eabi/lib/thumb/v7-m/nofp\libc_nano.a(libc_a-mallocr.o)
 .ARM.attributes
                0x00000368       0x2d C:/ST/STM32CubeIDE_1.14.0/STM32CubeIDE/plugins/com.st.stm32cube.ide.mcu.externaltools.gnu-tools-for-stm32.12.3.rel1.win32_1.1.0.202410251130/tools/bin/../lib/gcc/arm-none-eabi/12.3.1/../../../../arm-none-eabi/lib/thumb/v7-m/nofp\libc_nano.a(libc_a-mlock.o)
 .ARM.attributes
                0x00000395       0x2d C:/ST/STM32CubeIDE_1.14.0/STM32CubeIDE/plugins/com.st.stm32cube.ide.mcu.externaltools.gnu-tools-for-stm32.12.3.rel1.win32_1.1.0.202410251130/tools/bin/../lib/gcc/arm-none-eabi/12.3.1/../../../../arm-none-eabi/lib/thumb/v7-m/nofp\libc_nano.a(libc_a-findfp.o)
 .ARM.attributes
                0x000003c2       0x2d C:/ST/STM32CubeIDE_1.14.0/STM32CubeIDE/plugins/com.st.stm32cube.ide.mcu.externaltools.gnu-tools-for-stm32.12.3.rel1.win32_1.1.0.202410251130/tools/bin/../lib/gcc/arm-none-eabi/12.3.1/../../../../arm-none-eabi/lib/thumb/v7-m/nofp\libc_nano.a(libc_a-memset.o)
 .ARM.attributes
                0x000003ef       0x2d C:/ST/STM32CubeIDE_1.14.0/STM32CubeIDE/plugins/com.st.stm32cube.ide.mcu.externaltools.gnu-tools-for-stm32.12.3.rel1.win32_1.1.0.202410251130/tools/bin/../lib/gcc/arm-none-eabi/12.3.1/../../../../arm-none-eabi/lib/thumb/v7-m/nofp\libc_nano.a(libc_a-reent.o)
 .ARM.attributes
                0x0000041c       0x2d C:/ST/STM32CubeIDE_1.14.0/STM32CubeIDE/plugins/com.st.stm32cube.ide.mcu.externaltools.gnu-tools-for-stm32.12.3.rel1.win32_1.1.0.202410251130/tools/bin/../lib/gcc/arm-none-eabi/12.3.1/../../../../arm-none-eabi/lib/thumb/v7-m/nofp\libc_nano.a(libc_a-impure.o)
 .ARM.attributes
                0x00000449       0x2d C:/ST/STM32CubeIDE_1.14.0/STM32CubeIDE/plugins/com.st.stm32cube.ide.mcu.externaltools.gnu-tools-for-stm32.12.3.rel1.win32_1.1.0.202410251130/tools/bin/../lib/gcc/arm-none-eabi/12.3.1/../../../../arm-none-eabi/lib/thumb/v7-m/nofp\libc_nano.a(libc_a-sbrkr.o)
 .ARM.attributes
                0x00000476       0x2d C:/ST/STM32CubeIDE_1.14.0/STM32CubeIDE/plugins/com.st.stm32cube.ide.mcu.externaltools.gnu-tools-for-stm32.12.3.rel1.win32_1.1.0.202410251130/tools/bin/../lib/gcc/arm-none-eabi/12.3.1/../../../../arm-none-eabi/lib/thumb/v7-m/nofp\libc_nano.a(libc_a-errno.o)
 .ARM.attributes
                0x000004a3       0x2d C:/ST/STM32CubeIDE_1.14.0/STM32CubeIDE/plugins/com.st.stm32cube.ide.mcu.externaltools.gnu-tools-for-stm32.12.3.rel1.win32_1.1.0.202410251130/tools/bin/../lib/gcc/arm-none-eabi/12.3.1/../../../../arm-none-eabi/lib/thumb/v7-m/nofp\libc_nano.a(libc_a-init.o)
 .ARM.attributes
                0x000004d0       0x2d C:/ST/STM32CubeIDE_1.14.0/STM32CubeIDE/plugins/com.st.stm32cube.ide.mcu.externaltools.gnu-tools-for-stm32.12.3.rel1.win32_1.1.0.202410251130/tools/bin/../lib/gcc/arm-none-eabi/12.3.1/../../../../arm-none-eabi/lib/thumb/v7-m/nofp\libc_nano.a(libc_a-lock.o)
 .ARM.attributes
                0x000004fd       0x2d C:/ST/STM32CubeIDE_1.14.0/STM32CubeIDE/plugins/com.st.stm32cube.ide.mcu.externaltools.gnu-tools-for-stm32.12.3.rel1.win32_1.1.0.202410251130/tools/bin/../lib/gcc/arm-none-eabi/12.3.1/../../../../arm-none-eabi/lib/thumb/v7-m/nofp\libc_nano.a(libc_a-freer.o)
 .ARM.attributes
                0x0000052a       0x1d C:/ST/STM32CubeIDE_1.14.0/STM32CubeIDE/plugins/com.st.stm32cube.ide.mcu.externaltools.gnu-tools-for-stm32.12.3.rel1.win32_1.1.0.202410251130/tools/bin/../lib/gcc/arm-none-eabi/12.3.1/thumb/v7-m/nofp/crtn.o
OUTPUT(Lab.elf elf32-littlearm)
LOAD linker stubs
LOAD C:/ST/STM32CubeIDE_1.14.0/STM32CubeIDE/plugins/com.st.stm32cube.ide.mcu.externaltools.gnu-tools-for-stm32.12.3.rel1.win32_1.1.0.202410251130/tools/bin/../lib/gcc/arm-none-eabi/12.3.1/../../../../arm-none-eabi/lib/thumb/v7-m/nofp\libc.a
LOAD C:/ST/STM32CubeIDE_1.14.0/STM32CubeIDE/plugins/com.st.stm32cube.ide.mcu.externaltools.gnu-tools-for-stm32.12.3.rel1.win32_1.1.0.202410251130/tools/bin/../lib/gcc/arm-none-eabi/12.3.1/../../../../arm-none-eabi/lib/thumb/v7-m/nofp\libm.a
LOAD C:/ST/STM32CubeIDE_1.14.0/STM32CubeIDE/plugins/com.st.stm32cube.ide.mcu.externaltools.gnu-tools-for-stm32.12.3.rel1.win32_1.1.0.202410251130/tools/bin/../lib/gcc/arm-none-eabi/12.3.1/thumb/v7-m/nofp\libgcc.a

.debug_info     0x00000000     0x87b6
 .debug_info    0x00000000      0x410 ./Core/Src/fsm_traffic_light.o
 .debug_info    0x00000410      0x14d ./Core/Src/global.o
 .debug_info    0x0000055d      0x2ab ./Core/Src/input_reading.o
 .debug_info    0x00000808      0xbd6 ./Core/Src/main.o
 .debug_info    0x000013de      0x392 ./Core/Src/scheduler.o
 .debug_info    0x00001770      0x921 ./Core/Src/stm32f1xx_hal_msp.o
 .debug_info    0x00002091      0x6a8 ./Core/Src/stm32f1xx_it.o
 .debug_info    0x00002739      0x168 ./Core/Src/sysmem.o
 .debug_info    0x000028a1      0x222 ./Core/Src/system_stm32f1xx.o
 .debug_info    0x00002ac3       0x30 ./Core/Startup/startup_stm32f103c6ux.o
 .debug_info    0x00002af3      0x6e6 ./Drivers/STM32F1xx_HAL_Driver/Src/stm32f1xx_hal.o
 .debug_info    0x000031d9      0xa69 ./Drivers/STM32F1xx_HAL_Driver/Src/stm32f1xx_hal_cortex.o
 .debug_info    0x00003c42      0x5ab ./Drivers/STM32F1xx_HAL_Driver/Src/stm32f1xx_hal_gpio.o
 .debug_info    0x000041ed      0x7d5 ./Drivers/STM32F1xx_HAL_Driver/Src/stm32f1xx_hal_rcc.o
 .debug_info    0x000049c2     0x2959 ./Drivers/STM32F1xx_HAL_Driver/Src/stm32f1xx_hal_tim.o
 .debug_info    0x0000731b     0x149b ./Drivers/STM32F1xx_HAL_Driver/Src/stm32f1xx_hal_tim_ex.o

.debug_abbrev   0x00000000     0x1bc5
 .debug_abbrev  0x00000000      0x1e4 ./Core/Src/fsm_traffic_light.o
 .debug_abbrev  0x000001e4       0x84 ./Core/Src/global.o
 .debug_abbrev  0x00000268      0x166 ./Core/Src/input_reading.o
 .debug_abbrev  0x000003ce      0x2a0 ./Core/Src/main.o
 .debug_abbrev  0x0000066e      0x18b ./Core/Src/scheduler.o
 .debug_abbrev  0x000007f9      0x1ad ./Core/Src/stm32f1xx_hal_msp.o
 .debug_abbrev  0x000009a6      0x191 ./Core/Src/stm32f1xx_it.o
 .debug_abbrev  0x00000b37       0xbc ./Core/Src/sysmem.o
 .debug_abbrev  0x00000bf3      0x13f ./Core/Src/system_stm32f1xx.o
 .debug_abbrev  0x00000d32       0x24 ./Core/Startup/startup_stm32f103c6ux.o
 .debug_abbrev  0x00000d56      0x201 ./Drivers/STM32F1xx_HAL_Driver/Src/stm32f1xx_hal.o
 .debug_abbrev  0x00000f57      0x2f8 ./Drivers/STM32F1xx_HAL_Driver/Src/stm32f1xx_hal_cortex.o
 .debug_abbrev  0x0000124f      0x1ca ./Drivers/STM32F1xx_HAL_Driver/Src/stm32f1xx_hal_gpio.o
 .debug_abbrev  0x00001419      0x2b3 ./Drivers/STM32F1xx_HAL_Driver/Src/stm32f1xx_hal_rcc.o
 .debug_abbrev  0x000016cc      0x277 ./Drivers/STM32F1xx_HAL_Driver/Src/stm32f1xx_hal_tim.o
 .debug_abbrev  0x00001943      0x282 ./Drivers/STM32F1xx_HAL_Driver/Src/stm32f1xx_hal_tim_ex.o

.debug_aranges  0x00000000      0xa50
 .debug_aranges
                0x00000000       0x60 ./Core/Src/fsm_traffic_light.o
 .debug_aranges
                0x00000060       0x18 ./Core/Src/global.o
 .debug_aranges
                0x00000078       0x30 ./Core/Src/input_reading.o
 .debug_aranges
                0x000000a8       0x50 ./Core/Src/main.o
 .debug_aranges
                0x000000f8       0x50 ./Core/Src/scheduler.o
 .debug_aranges
                0x00000148       0x30 ./Core/Src/stm32f1xx_hal_msp.o
 .debug_aranges
                0x00000178       0x68 ./Core/Src/stm32f1xx_it.o
 .debug_aranges
                0x000001e0       0x20 ./Core/Src/sysmem.o
 .debug_aranges
                0x00000200       0x28 ./Core/Src/system_stm32f1xx.o
 .debug_aranges
                0x00000228       0x28 ./Core/Startup/startup_stm32f103c6ux.o
 .debug_aranges
                0x00000250       0xe0 ./Drivers/STM32F1xx_HAL_Driver/Src/stm32f1xx_hal.o
 .debug_aranges
                0x00000330      0x100 ./Drivers/STM32F1xx_HAL_Driver/Src/stm32f1xx_hal_cortex.o
 .debug_aranges
                0x00000430       0x58 ./Drivers/STM32F1xx_HAL_Driver/Src/stm32f1xx_hal_gpio.o
 .debug_aranges
                0x00000488       0x90 ./Drivers/STM32F1xx_HAL_Driver/Src/stm32f1xx_hal_rcc.o
 .debug_aranges
                0x00000518      0x3d0 ./Drivers/STM32F1xx_HAL_Driver/Src/stm32f1xx_hal_tim.o
 .debug_aranges
                0x000008e8      0x168 ./Drivers/STM32F1xx_HAL_Driver/Src/stm32f1xx_hal_tim_ex.o

.debug_rnglists
                0x00000000      0x7cf
 .debug_rnglists
                0x00000000       0x47 ./Core/Src/fsm_traffic_light.o
 .debug_rnglists
                0x00000047       0x20 ./Core/Src/input_reading.o
 .debug_rnglists
                0x00000067       0x39 ./Core/Src/main.o
 .debug_rnglists
                0x000000a0       0x39 ./Core/Src/scheduler.o
 .debug_rnglists
                0x000000d9       0x1f ./Core/Src/stm32f1xx_hal_msp.o
 .debug_rnglists
                0x000000f8       0x49 ./Core/Src/stm32f1xx_it.o
 .debug_rnglists
                0x00000141       0x13 ./Core/Src/sysmem.o
 .debug_rnglists
                0x00000154       0x1a ./Core/Src/system_stm32f1xx.o
 .debug_rnglists
                0x0000016e       0x19 ./Core/Startup/startup_stm32f103c6ux.o
 .debug_rnglists
                0x00000187       0xa3 ./Drivers/STM32F1xx_HAL_Driver/Src/stm32f1xx_hal.o
 .debug_rnglists
                0x0000022a       0xbb ./Drivers/STM32F1xx_HAL_Driver/Src/stm32f1xx_hal_cortex.o
 .debug_rnglists
                0x000002e5       0x3f ./Drivers/STM32F1xx_HAL_Driver/Src/stm32f1xx_hal_gpio.o
 .debug_rnglists
                0x00000324       0x6c ./Drivers/STM32F1xx_HAL_Driver/Src/stm32f1xx_hal_rcc.o
 .debug_rnglists
                0x00000390      0x31a ./Drivers/STM32F1xx_HAL_Driver/Src/stm32f1xx_hal_tim.o
 .debug_rnglists
                0x000006aa      0x125 ./Drivers/STM32F1xx_HAL_Driver/Src/stm32f1xx_hal_tim_ex.o

.debug_macro    0x00000000    0x17db0
 .debug_macro   0x00000000      0x2a6 ./Core/Src/fsm_traffic_light.o
 .debug_macro   0x000002a6      0xaa8 ./Core/Src/fsm_traffic_light.o
 .debug_macro   0x00000d4e      0x215 ./Core/Src/fsm_traffic_light.o
 .debug_macro   0x00000f63       0x2e ./Core/Src/fsm_traffic_light.o
 .debug_macro   0x00000f91       0x22 ./Core/Src/fsm_traffic_light.o
 .debug_macro   0x00000fb3       0x22 ./Core/Src/fsm_traffic_light.o
 .debug_macro   0x00000fd5       0x8e ./Core/Src/fsm_traffic_light.o
 .debug_macro   0x00001063       0x51 ./Core/Src/fsm_traffic_light.o
 .debug_macro   0x000010b4      0x103 ./Core/Src/fsm_traffic_light.o
 .debug_macro   0x000011b7       0x6a ./Core/Src/fsm_traffic_light.o
 .debug_macro   0x00001221      0x1df ./Core/Src/fsm_traffic_light.o
 .debug_macro   0x00001400       0x1c ./Core/Src/fsm_traffic_light.o
 .debug_macro   0x0000141c       0x22 ./Core/Src/fsm_traffic_light.o
 .debug_macro   0x0000143e       0xbd ./Core/Src/fsm_traffic_light.o
 .debug_macro   0x000014fb      0xd23 ./Core/Src/fsm_traffic_light.o
 .debug_macro   0x0000221e     0xde75 ./Core/Src/fsm_traffic_light.o
 .debug_macro   0x00010093       0x6d ./Core/Src/fsm_traffic_light.o
 .debug_macro   0x00010100     0x34a2 ./Core/Src/fsm_traffic_light.o
 .debug_macro   0x000135a2      0x189 ./Core/Src/fsm_traffic_light.o
 .debug_macro   0x0001372b       0x5c ./Core/Src/fsm_traffic_light.o
 .debug_macro   0x00013787      0x5bc ./Core/Src/fsm_traffic_light.o
 .debug_macro   0x00013d43      0x1b7 ./Core/Src/fsm_traffic_light.o
 .debug_macro   0x00013efa      0x1cb ./Core/Src/fsm_traffic_light.o
 .debug_macro   0x000140c5      0x114 ./Core/Src/fsm_traffic_light.o
 .debug_macro   0x000141d9      0x1b2 ./Core/Src/fsm_traffic_light.o
 .debug_macro   0x0001438b       0x27 ./Core/Src/fsm_traffic_light.o
 .debug_macro   0x000143b2      0x12f ./Core/Src/fsm_traffic_light.o
 .debug_macro   0x000144e1      0x1bc ./Core/Src/fsm_traffic_light.o
 .debug_macro   0x0001469d       0x34 ./Core/Src/fsm_traffic_light.o
 .debug_macro   0x000146d1       0x3c ./Core/Src/fsm_traffic_light.o
 .debug_macro   0x0001470d       0x57 ./Core/Src/fsm_traffic_light.o
 .debug_macro   0x00014764       0x87 ./Core/Src/fsm_traffic_light.o
 .debug_macro   0x000147eb      0x183 ./Core/Src/fsm_traffic_light.o
 .debug_macro   0x0001496e      0x140 ./Core/Src/fsm_traffic_light.o
 .debug_macro   0x00014aae      0x8ed ./Core/Src/fsm_traffic_light.o
 .debug_macro   0x0001539b       0x69 ./Core/Src/fsm_traffic_light.o
 .debug_macro   0x00015404       0x24 ./Core/Src/fsm_traffic_light.o
 .debug_macro   0x00015428       0x61 ./Core/Src/fsm_traffic_light.o
 .debug_macro   0x00015489       0x43 ./Core/Src/fsm_traffic_light.o
 .debug_macro   0x000154cc       0x34 ./Core/Src/fsm_traffic_light.o
 .debug_macro   0x00015500       0x16 ./Core/Src/fsm_traffic_light.o
 .debug_macro   0x00015516       0x35 ./Core/Src/fsm_traffic_light.o
 .debug_macro   0x0001554b       0x16 ./Core/Src/fsm_traffic_light.o
 .debug_macro   0x00015561       0x43 ./Core/Src/fsm_traffic_light.o
 .debug_macro   0x000155a4       0x34 ./Core/Src/fsm_traffic_light.o
 .debug_macro   0x000155d8       0x10 ./Core/Src/fsm_traffic_light.o
 .debug_macro   0x000155e8       0x58 ./Core/Src/fsm_traffic_light.o
 .debug_macro   0x00015640       0x8e ./Core/Src/fsm_traffic_light.o
 .debug_macro   0x000156ce       0x1c ./Core/Src/fsm_traffic_light.o
 .debug_macro   0x000156ea      0x177 ./Core/Src/fsm_traffic_light.o
 .debug_macro   0x00015861      0x369 ./Core/Src/fsm_traffic_light.o
 .debug_macro   0x00015bca       0x16 ./Core/Src/fsm_traffic_light.o
 .debug_macro   0x00015be0       0x29 ./Core/Src/fsm_traffic_light.o
 .debug_macro   0x00015c09       0x1c ./Core/Src/fsm_traffic_light.o
 .debug_macro   0x00015c25       0x10 ./Core/Src/fsm_traffic_light.o
 .debug_macro   0x00015c35       0x34 ./Core/Src/fsm_traffic_light.o
 .debug_macro   0x00015c69      0x148 ./Core/Src/fsm_traffic_light.o
 .debug_macro   0x00015db1       0x88 ./Core/Src/fsm_traffic_light.o
 .debug_macro   0x00015e39      0x2a2 ./Core/Src/global.o
 .debug_macro   0x000160db      0x2a1 ./Core/Src/input_reading.o
 .debug_macro   0x0001637c       0x2e ./Core/Src/input_reading.o
 .debug_macro   0x000163aa      0x2a0 ./Core/Src/main.o
 .debug_macro   0x0001664a       0x8e ./Core/Src/main.o
 .debug_macro   0x000166d8      0x2a2 ./Core/Src/scheduler.o
 .debug_macro   0x0001697a      0x297 ./Core/Src/stm32f1xx_hal_msp.o
 .debug_macro   0x00016c11      0x2a1 ./Core/Src/stm32f1xx_it.o
 .debug_macro   0x00016eb2       0xff ./Core/Src/sysmem.o
 .debug_macro   0x00016fb1      0x23c ./Core/Src/sysmem.o
 .debug_macro   0x000171ed      0x197 ./Core/Src/system_stm32f1xx.o
 .debug_macro   0x00017384      0x1bb ./Drivers/STM32F1xx_HAL_Driver/Src/stm32f1xx_hal.o
 .debug_macro   0x0001753f      0x197 ./Drivers/STM32F1xx_HAL_Driver/Src/stm32f1xx_hal_cortex.o
 .debug_macro   0x000176d6      0x202 ./Drivers/STM32F1xx_HAL_Driver/Src/stm32f1xx_hal_gpio.o
 .debug_macro   0x000178d8      0x1a9 ./Drivers/STM32F1xx_HAL_Driver/Src/stm32f1xx_hal_rcc.o
 .debug_macro   0x00017a81      0x198 ./Drivers/STM32F1xx_HAL_Driver/Src/stm32f1xx_hal_tim.o
 .debug_macro   0x00017c19      0x197 ./Drivers/STM32F1xx_HAL_Driver/Src/stm32f1xx_hal_tim_ex.o

.debug_line     0x00000000     0xca82
 .debug_line    0x00000000      0xbba ./Core/Src/fsm_traffic_light.o
 .debug_line    0x00000bba      0x842 ./Core/Src/global.o
 .debug_line    0x000013fc      0x904 ./Core/Src/input_reading.o
 .debug_line    0x00001d00      0x9be ./Core/Src/main.o
 .debug_line    0x000026be      0xaba ./Core/Src/scheduler.o
 .debug_line    0x00003178      0x8a2 ./Core/Src/stm32f1xx_hal_msp.o
 .debug_line    0x00003a1a      0x940 ./Core/Src/stm32f1xx_it.o
 .debug_line    0x0000435a      0x579 ./Core/Src/sysmem.o
 .debug_line    0x000048d3      0x763 ./Core/Src/system_stm32f1xx.o
 .debug_line    0x00005036       0x78 ./Core/Startup/startup_stm32f103c6ux.o
 .debug_line    0x000050ae      0x990 ./Drivers/STM32F1xx_HAL_Driver/Src/stm32f1xx_hal.o
 .debug_line    0x00005a3e      0xb7c ./Drivers/STM32F1xx_HAL_Driver/Src/stm32f1xx_hal_cortex.o
 .debug_line    0x000065ba      0xa14 ./Drivers/STM32F1xx_HAL_Driver/Src/stm32f1xx_hal_gpio.o
 .debug_line    0x00006fce      0xd99 ./Drivers/STM32F1xx_HAL_Driver/Src/stm32f1xx_hal_rcc.o
 .debug_line    0x00007d67     0x346c ./Drivers/STM32F1xx_HAL_Driver/Src/stm32f1xx_hal_tim.o
 .debug_line    0x0000b1d3     0x18af ./Drivers/STM32F1xx_HAL_Driver/Src/stm32f1xx_hal_tim_ex.o

.debug_str      0x00000000    0x86209
 .debug_str     0x00000000    0x8317b ./Core/Src/fsm_traffic_light.o
                              0x834f0 (size before relaxing)
 .debug_str     0x0008317b       0x15 ./Core/Src/global.o
                              0x82ea4 (size before relaxing)
 .debug_str     0x00083190       0xc7 ./Core/Src/input_reading.o
                              0x82f74 (size before relaxing)
 .debug_str     0x00083257      0x7eb ./Core/Src/main.o
                              0x83bdb (size before relaxing)
 .debug_str     0x00083a42       0xad ./Core/Src/scheduler.o
                              0x82f6a (size before relaxing)
 .debug_str     0x00083aef      0x300 ./Core/Src/stm32f1xx_hal_msp.o
                              0x83698 (size before relaxing)
 .debug_str     0x00083def       0xec ./Core/Src/stm32f1xx_it.o
                              0x833d3 (size before relaxing)
 .debug_str     0x00083edb      0x4dc ./Core/Src/sysmem.o
                               0x605c (size before relaxing)
 .debug_str     0x000843b7       0x7e ./Core/Src/system_stm32f1xx.o
                              0x7f72b (size before relaxing)
 .debug_str     0x00084435       0x44 ./Core/Startup/startup_stm32f103c6ux.o
                                 0x67 (size before relaxing)
 .debug_str     0x00084479      0x38e ./Drivers/STM32F1xx_HAL_Driver/Src/stm32f1xx_hal.o
                              0x7fe24 (size before relaxing)
 .debug_str     0x00084807      0x294 ./Drivers/STM32F1xx_HAL_Driver/Src/stm32f1xx_hal_cortex.o
                              0x7fd70 (size before relaxing)
 .debug_str     0x00084a9b      0x2d2 ./Drivers/STM32F1xx_HAL_Driver/Src/stm32f1xx_hal_gpio.o
                              0x7fab1 (size before relaxing)
 .debug_str     0x00084d6d      0x229 ./Drivers/STM32F1xx_HAL_Driver/Src/stm32f1xx_hal_rcc.o
                              0x7fb5a (size before relaxing)
 .debug_str     0x00084f96      0xde0 ./Drivers/STM32F1xx_HAL_Driver/Src/stm32f1xx_hal_tim.o
                              0x80b5c (size before relaxing)
 .debug_str     0x00085d76      0x493 ./Drivers/STM32F1xx_HAL_Driver/Src/stm32f1xx_hal_tim_ex.o
                              0x80368 (size before relaxing)

.comment        0x00000000       0x43
 .comment       0x00000000       0x43 ./Core/Src/fsm_traffic_light.o
                                 0x44 (size before relaxing)
 .comment       0x00000043       0x44 ./Core/Src/global.o
 .comment       0x00000043       0x44 ./Core/Src/input_reading.o
 .comment       0x00000043       0x44 ./Core/Src/main.o
 .comment       0x00000043       0x44 ./Core/Src/scheduler.o
 .comment       0x00000043       0x44 ./Core/Src/stm32f1xx_hal_msp.o
 .comment       0x00000043       0x44 ./Core/Src/stm32f1xx_it.o
 .comment       0x00000043       0x44 ./Core/Src/sysmem.o
 .comment       0x00000043       0x44 ./Core/Src/system_stm32f1xx.o
 .comment       0x00000043       0x44 ./Drivers/STM32F1xx_HAL_Driver/Src/stm32f1xx_hal.o
 .comment       0x00000043       0x44 ./Drivers/STM32F1xx_HAL_Driver/Src/stm32f1xx_hal_cortex.o
 .comment       0x00000043       0x44 ./Drivers/STM32F1xx_HAL_Driver/Src/stm32f1xx_hal_gpio.o
 .comment       0x00000043       0x44 ./Drivers/STM32F1xx_HAL_Driver/Src/stm32f1xx_hal_rcc.o
 .comment       0x00000043       0x44 ./Drivers/STM32F1xx_HAL_Driver/Src/stm32f1xx_hal_tim.o
 .comment       0x00000043       0x44 ./Drivers/STM32F1xx_HAL_Driver/Src/stm32f1xx_hal_tim_ex.o

.debug_frame    0x00000000     0x2c2c
 .debug_frame   0x00000000      0x124 ./Core/Src/fsm_traffic_light.o
 .debug_frame   0x00000124       0x88 ./Core/Src/input_reading.o
 .debug_frame   0x000001ac       0xf0 ./Core/Src/main.o
 .debug_frame   0x0000029c      0x10c ./Core/Src/scheduler.o
 .debug_frame   0x000003a8       0x80 ./Core/Src/stm32f1xx_hal_msp.o
 .debug_frame   0x00000428      0x120 ./Core/Src/stm32f1xx_it.o
 .debug_frame   0x00000548       0x34 ./Core/Src/sysmem.o
 .debug_frame   0x0000057c       0x58 ./Core/Src/system_stm32f1xx.o
 .debug_frame   0x000005d4      0x334 ./Drivers/STM32F1xx_HAL_Driver/Src/stm32f1xx_hal.o
 .debug_frame   0x00000908      0x428 ./Drivers/STM32F1xx_HAL_Driver/Src/stm32f1xx_hal_cortex.o
 .debug_frame   0x00000d30      0x14c ./Drivers/STM32F1xx_HAL_Driver/Src/stm32f1xx_hal_gpio.o
 .debug_frame   0x00000e7c      0x218 ./Drivers/STM32F1xx_HAL_Driver/Src/stm32f1xx_hal_rcc.o
 .debug_frame   0x00001094     0x11b4 ./Drivers/STM32F1xx_HAL_Driver/Src/stm32f1xx_hal_tim.o
 .debug_frame   0x00002248      0x638 ./Drivers/STM32F1xx_HAL_Driver/Src/stm32f1xx_hal_tim_ex.o
 .debug_frame   0x00002880       0x30 C:/ST/STM32CubeIDE_1.14.0/STM32CubeIDE/plugins/com.st.stm32cube.ide.mcu.externaltools.gnu-tools-for-stm32.12.3.rel1.win32_1.1.0.202410251130/tools/bin/../lib/gcc/arm-none-eabi/12.3.1/../../../../arm-none-eabi/lib/thumb/v7-m/nofp\libc_nano.a(libc_a-malloc.o)
 .debug_frame   0x000028b0       0x50 C:/ST/STM32CubeIDE_1.14.0/STM32CubeIDE/plugins/com.st.stm32cube.ide.mcu.externaltools.gnu-tools-for-stm32.12.3.rel1.win32_1.1.0.202410251130/tools/bin/../lib/gcc/arm-none-eabi/12.3.1/../../../../arm-none-eabi/lib/thumb/v7-m/nofp\libc_nano.a(libc_a-mallocr.o)
 .debug_frame   0x00002900       0x30 C:/ST/STM32CubeIDE_1.14.0/STM32CubeIDE/plugins/com.st.stm32cube.ide.mcu.externaltools.gnu-tools-for-stm32.12.3.rel1.win32_1.1.0.202410251130/tools/bin/../lib/gcc/arm-none-eabi/12.3.1/../../../../arm-none-eabi/lib/thumb/v7-m/nofp\libc_nano.a(libc_a-mlock.o)
 .debug_frame   0x00002930      0x144 C:/ST/STM32CubeIDE_1.14.0/STM32CubeIDE/plugins/com.st.stm32cube.ide.mcu.externaltools.gnu-tools-for-stm32.12.3.rel1.win32_1.1.0.202410251130/tools/bin/../lib/gcc/arm-none-eabi/12.3.1/../../../../arm-none-eabi/lib/thumb/v7-m/nofp\libc_nano.a(libc_a-findfp.o)
 .debug_frame   0x00002a74       0x20 C:/ST/STM32CubeIDE_1.14.0/STM32CubeIDE/plugins/com.st.stm32cube.ide.mcu.externaltools.gnu-tools-for-stm32.12.3.rel1.win32_1.1.0.202410251130/tools/bin/../lib/gcc/arm-none-eabi/12.3.1/../../../../arm-none-eabi/lib/thumb/v7-m/nofp\libc_nano.a(libc_a-memset.o)
 .debug_frame   0x00002a94       0x38 C:/ST/STM32CubeIDE_1.14.0/STM32CubeIDE/plugins/com.st.stm32cube.ide.mcu.externaltools.gnu-tools-for-stm32.12.3.rel1.win32_1.1.0.202410251130/tools/bin/../lib/gcc/arm-none-eabi/12.3.1/../../../../arm-none-eabi/lib/thumb/v7-m/nofp\libc_nano.a(libc_a-reent.o)
 .debug_frame   0x00002acc       0x2c C:/ST/STM32CubeIDE_1.14.0/STM32CubeIDE/plugins/com.st.stm32cube.ide.mcu.externaltools.gnu-tools-for-stm32.12.3.rel1.win32_1.1.0.202410251130/tools/bin/../lib/gcc/arm-none-eabi/12.3.1/../../../../arm-none-eabi/lib/thumb/v7-m/nofp\libc_nano.a(libc_a-sbrkr.o)
 .debug_frame   0x00002af8       0x20 C:/ST/STM32CubeIDE_1.14.0/STM32CubeIDE/plugins/com.st.stm32cube.ide.mcu.externaltools.gnu-tools-for-stm32.12.3.rel1.win32_1.1.0.202410251130/tools/bin/../lib/gcc/arm-none-eabi/12.3.1/../../../../arm-none-eabi/lib/thumb/v7-m/nofp\libc_nano.a(libc_a-errno.o)
 .debug_frame   0x00002b18       0x2c C:/ST/STM32CubeIDE_1.14.0/STM32CubeIDE/plugins/com.st.stm32cube.ide.mcu.externaltools.gnu-tools-for-stm32.12.3.rel1.win32_1.1.0.202410251130/tools/bin/../lib/gcc/arm-none-eabi/12.3.1/../../../../arm-none-eabi/lib/thumb/v7-m/nofp\libc_nano.a(libc_a-init.o)
 .debug_frame   0x00002b44       0xb0 C:/ST/STM32CubeIDE_1.14.0/STM32CubeIDE/plugins/com.st.stm32cube.ide.mcu.externaltools.gnu-tools-for-stm32.12.3.rel1.win32_1.1.0.202410251130/tools/bin/../lib/gcc/arm-none-eabi/12.3.1/../../../../arm-none-eabi/lib/thumb/v7-m/nofp\libc_nano.a(libc_a-lock.o)
 .debug_frame   0x00002bf4       0x38 C:/ST/STM32CubeIDE_1.14.0/STM32CubeIDE/plugins/com.st.stm32cube.ide.mcu.externaltools.gnu-tools-for-stm32.12.3.rel1.win32_1.1.0.202410251130/tools/bin/../lib/gcc/arm-none-eabi/12.3.1/../../../../arm-none-eabi/lib/thumb/v7-m/nofp\libc_nano.a(libc_a-freer.o)

.debug_line_str
                0x00000000       0x4b
 .debug_line_str
                0x00000000       0x4b ./Core/Startup/startup_stm32f103c6ux.o
